// Jest Snapshot v1, https://goo.gl/fbAQLP

exports[`This contains List of datas including an input box 1`] = `
<div>
  <div>
    1. Sijan &gt; This is awesome
  </div>
  <div>
    1. Beer &gt; This is awesome beer
  </div>
  <form>
    <input
      name="name"
      placeholder="name"
      type="text"
    />
    <input
      name="quote"
      placeholder="quot"
      type="text"
    />
    <button
      type="submit"
    >
      Submit
    </button>
  </form>
</div>
`;
